
     Program PWSCF v.7.3 starts on  6Mar2024 at  6: 9:23 

     This program is part of the open-source Quantum ESPRESSO suite
     for quantum simulation of materials; please cite
         "P. Giannozzi et al., J. Phys.:Condens. Matter 21 395502 (2009);
         "P. Giannozzi et al., J. Phys.:Condens. Matter 29 465901 (2017);
         "P. Giannozzi et al., J. Chem. Phys. 152 154105 (2020);
          URL http://www.quantum-espresso.org", 
     in publications or presentations arising from this work. More details at
     http://www.quantum-espresso.org/quote

     Parallel version (MPI), running on     4 processors

     MPI processes distributed on     1 nodes
     0 MiB available memory on the printing compute node when the environment starts

     Waiting for input...
     Reading input from standard input
Warning: card &IONS ignored
Warning: card / ignored
Warning: card &CELL ignored
Warning: card   CELL_DYNAMICS = "BFGS" ignored
Warning: card / ignored

     Current dimensions of program PWSCF are:
     Max number of different atomic species (ntypx) = 10
     Max number of k-points (npk) =  40000
     Max angular momentum in pseudopotentials (lmaxx) =  4

     Atomic positions and unit cell read from directory:
     ./si.save/

     Message from routine setup:
     using ibrav=0 with symmetry is DISCOURAGED, use correct ibrav instead

     R & G space division:  proc/nbgrp/npool/nimage =       4
     Subspace diagonalization in iterative solution of the eigenvalue problem:
     a serial algorithm will be used


     Parallelization info
     --------------------
     sticks:   dense  smooth     PW     G-vecs:    dense   smooth      PW
     Min         145     145     46                 2350     2350     409
     Max         146     146     47                 2353     2353     411
     Sum         583     583    187                 9409     9409    1639

     Using Slab Decomposition



     bravais-lattice index     =            0
     lattice parameter (alat)  =      10.3346  a.u.
     unit-cell volume          =     275.9441 (a.u.)^3
     number of atoms/cell      =            2
     number of atomic types    =            1
     number of electrons       =         8.00
     number of Kohn-Sham states=           10
     kinetic-energy cutoff     =      40.0000  Ry
     charge density cutoff     =     160.0000  Ry
     Exchange-correlation= PBE
                           (   1   4   3   4   0   0   0)

     celldm(1)=  10.334601  celldm(2)=   0.000000  celldm(3)=   0.000000
     celldm(4)=   0.000000  celldm(5)=   0.000000  celldm(6)=   0.000000

     crystal axes: (cart. coord. in units of alat)
               a(1) = (  -0.500000   0.000000   0.500000 )  
               a(2) = (   0.000000   0.500000   0.500000 )  
               a(3) = (  -0.500000   0.500000   0.000000 )  

     reciprocal axes: (cart. coord. in units 2 pi/alat)
               b(1) = ( -1.000000 -1.000000  1.000000 )  
               b(2) = (  1.000000  1.000000  1.000000 )  
               b(3) = ( -1.000000  1.000000 -1.000000 )  


     PseudoPot. # 1 for Si read from file:
     ../../pseudos_dojo/Si.upf
     MD5 check sum: 02fab3f35e82123ef5bf1cb05d5b1a5e
     Pseudo is Norm-conserving + core correction, Zval =  4.0
     Generated using ONCVPSP code by D. R. Hamann
     Using radial grid of 1510 points,  6 beta functions with: 
                l(1) =   0
                l(2) =   0
                l(3) =   1
                l(4) =   1
                l(5) =   2
                l(6) =   2

     atomic species   valence    mass     pseudopotential
     Si                4.00    28.08500     Si( 1.00)

     24 Sym. Ops. (no inversion) found


                                    s                        frac. trans.

      isym =  1     identity                                     

 cryst.   s( 1) = (     1          0          0      )
                  (     0          1          0      )
                  (     0          0          1      )

 cart.    s( 1) = (  1.0000000  0.0000000  0.0000000 )
                  (  0.0000000  1.0000000  0.0000000 )
                  (  0.0000000  0.0000000  1.0000000 )


      isym =  2     180 deg rotation - cart. axis [0,0,1]        

 cryst.   s( 2) = (     0          1         -1      )
                  (     1          0         -1      )
                  (     0          0         -1      )

 cart.    s( 2) = ( -1.0000000  0.0000000  0.0000000 )
                  (  0.0000000 -1.0000000  0.0000000 )
                  (  0.0000000  0.0000000  1.0000000 )


      isym =  3     180 deg rotation - cart. axis [0,1,0]        

 cryst.   s( 3) = (    -1          0          0      )
                  (    -1          0          1      )
                  (    -1          1          0      )

 cart.    s( 3) = ( -1.0000000  0.0000000  0.0000000 )
                  (  0.0000000  1.0000000  0.0000000 )
                  (  0.0000000  0.0000000 -1.0000000 )


      isym =  4     180 deg rotation - cart. axis [1,0,0]        

 cryst.   s( 4) = (     0         -1          1      )
                  (     0         -1          0      )
                  (     1         -1          0      )

 cart.    s( 4) = (  1.0000000  0.0000000  0.0000000 )
                  (  0.0000000 -1.0000000  0.0000000 )
                  (  0.0000000  0.0000000 -1.0000000 )


      isym =  5     120 deg rotation - cart. axis [-1,-1,-1]     

 cryst.   s( 5) = (    -1          0          1      )
                  (    -1          1          0      )
                  (    -1          0          0      )

 cart.    s( 5) = (  0.0000000  1.0000000  0.0000000 )
                  (  0.0000000  0.0000000  1.0000000 )
                  (  1.0000000  0.0000000  0.0000000 )


      isym =  6     120 deg rotation - cart. axis [-1,1,1]       

 cryst.   s( 6) = (     0          1          0      )
                  (     0          0          1      )
                  (     1          0          0      )

 cart.    s( 6) = (  0.0000000 -1.0000000  0.0000000 )
                  (  0.0000000  0.0000000  1.0000000 )
                  ( -1.0000000  0.0000000  0.0000000 )


      isym =  7     120 deg rotation - cart. axis [1,1,-1]       

 cryst.   s( 7) = (     1          0         -1      )
                  (     0          0         -1      )
                  (     0          1         -1      )

 cart.    s( 7) = (  0.0000000  1.0000000  0.0000000 )
                  (  0.0000000  0.0000000 -1.0000000 )
                  ( -1.0000000  0.0000000  0.0000000 )


      isym =  8     120 deg rotation - cart. axis [1,-1,1]       

 cryst.   s( 8) = (     0         -1          0      )
                  (     1         -1          0      )
                  (     0         -1          1      )

 cart.    s( 8) = (  0.0000000 -1.0000000  0.0000000 )
                  (  0.0000000  0.0000000 -1.0000000 )
                  (  1.0000000  0.0000000  0.0000000 )


      isym =  9     120 deg rotation - cart. axis [1,1,1]        

 cryst.   s( 9) = (     0          0         -1      )
                  (     0          1         -1      )
                  (     1          0         -1      )

 cart.    s( 9) = (  0.0000000  0.0000000  1.0000000 )
                  (  1.0000000  0.0000000  0.0000000 )
                  (  0.0000000  1.0000000  0.0000000 )


      isym = 10     120 deg rotation - cart. axis [-1,1,-1]      

 cryst.   s(10) = (    -1          1          0      )
                  (    -1          0          0      )
                  (    -1          0          1      )

 cart.    s(10) = (  0.0000000  0.0000000  1.0000000 )
                  ( -1.0000000  0.0000000  0.0000000 )
                  (  0.0000000 -1.0000000  0.0000000 )


      isym = 11     120 deg rotation - cart. axis [1,-1,-1]      

 cryst.   s(11) = (     0          0          1      )
                  (     1          0          0      )
                  (     0          1          0      )

 cart.    s(11) = (  0.0000000  0.0000000 -1.0000000 )
                  ( -1.0000000  0.0000000  0.0000000 )
                  (  0.0000000  1.0000000  0.0000000 )


      isym = 12     120 deg rotation - cart. axis [-1,-1,1]      

 cryst.   s(12) = (     1         -1          0      )
                  (     0         -1          1      )
                  (     0         -1          0      )

 cart.    s(12) = (  0.0000000  0.0000000 -1.0000000 )
                  (  1.0000000  0.0000000  0.0000000 )
                  (  0.0000000 -1.0000000  0.0000000 )


      isym = 13     inv. 180 deg rotation - cart. axis [1,1,0]   

 cryst.   s(13) = (     0          1          0      )
                  (     1          0          0      )
                  (     0          0          1      )

 cart.    s(13) = (  0.0000000 -1.0000000  0.0000000 )
                  ( -1.0000000  0.0000000  0.0000000 )
                  (  0.0000000  0.0000000  1.0000000 )


      isym = 14     inv. 180 deg rotation - cart. axis [1,-1,0]  

 cryst.   s(14) = (     1          0         -1      )
                  (     0          1         -1      )
                  (     0          0         -1      )

 cart.    s(14) = (  0.0000000  1.0000000  0.0000000 )
                  (  1.0000000  0.0000000  0.0000000 )
                  (  0.0000000  0.0000000  1.0000000 )


      isym = 15     inv.  90 deg rotation - cart. axis [0,0,-1]  

 cryst.   s(15) = (     0         -1          0      )
                  (     0         -1          1      )
                  (     1         -1          0      )

 cart.    s(15) = (  0.0000000 -1.0000000  0.0000000 )
                  (  1.0000000  0.0000000  0.0000000 )
                  (  0.0000000  0.0000000 -1.0000000 )


      isym = 16     inv.  90 deg rotation - cart. axis [0,0,1]   

 cryst.   s(16) = (    -1          0          1      )
                  (    -1          0          0      )
                  (    -1          1          0      )

 cart.    s(16) = (  0.0000000  1.0000000  0.0000000 )
                  ( -1.0000000  0.0000000  0.0000000 )
                  (  0.0000000  0.0000000 -1.0000000 )


      isym = 17     inv. 180 deg rotation - cart. axis [1,0,1]   

 cryst.   s(17) = (     1          0          0      )
                  (     0          0          1      )
                  (     0          1          0      )

 cart.    s(17) = (  0.0000000  0.0000000 -1.0000000 )
                  (  0.0000000  1.0000000  0.0000000 )
                  ( -1.0000000  0.0000000  0.0000000 )


      isym = 18     inv. 180 deg rotation - cart. axis [-1,0,1]  

 cryst.   s(18) = (    -1          0          0      )
                  (    -1          1          0      )
                  (    -1          0          1      )

 cart.    s(18) = (  0.0000000  0.0000000  1.0000000 )
                  (  0.0000000  1.0000000  0.0000000 )
                  (  1.0000000  0.0000000  0.0000000 )


      isym = 19     inv.  90 deg rotation - cart. axis [0,1,0]   

 cryst.   s(19) = (     0         -1          1      )
                  (     1         -1          0      )
                  (     0         -1          0      )

 cart.    s(19) = (  0.0000000  0.0000000 -1.0000000 )
                  (  0.0000000 -1.0000000  0.0000000 )
                  (  1.0000000  0.0000000  0.0000000 )


      isym = 20     inv.  90 deg rotation - cart. axis [0,-1,0]  

 cryst.   s(20) = (     0          1         -1      )
                  (     0          0         -1      )
                  (     1          0         -1      )

 cart.    s(20) = (  0.0000000  0.0000000  1.0000000 )
                  (  0.0000000 -1.0000000  0.0000000 )
                  ( -1.0000000  0.0000000  0.0000000 )


      isym = 21     inv. 180 deg rotation - cart. axis [0,1,1]   

 cryst.   s(21) = (     1         -1          0      )
                  (     0         -1          0      )
                  (     0         -1          1      )

 cart.    s(21) = (  1.0000000  0.0000000  0.0000000 )
                  (  0.0000000  0.0000000 -1.0000000 )
                  (  0.0000000 -1.0000000  0.0000000 )


      isym = 22     inv. 180 deg rotation - cart. axis [0,1,-1]  

 cryst.   s(22) = (     0          0          1      )
                  (     0          1          0      )
                  (     1          0          0      )

 cart.    s(22) = (  1.0000000  0.0000000  0.0000000 )
                  (  0.0000000  0.0000000  1.0000000 )
                  (  0.0000000  1.0000000  0.0000000 )


      isym = 23     inv.  90 deg rotation - cart. axis [-1,0,0]  

 cryst.   s(23) = (     0          0         -1      )
                  (     1          0         -1      )
                  (     0          1         -1      )

 cart.    s(23) = ( -1.0000000  0.0000000  0.0000000 )
                  (  0.0000000  0.0000000 -1.0000000 )
                  (  0.0000000  1.0000000  0.0000000 )


      isym = 24     inv.  90 deg rotation - cart. axis [1,0,0]   

 cryst.   s(24) = (    -1          1          0      )
                  (    -1          0          1      )
                  (    -1          0          0      )

 cart.    s(24) = ( -1.0000000  0.0000000  0.0000000 )
                  (  0.0000000  0.0000000  1.0000000 )
                  (  0.0000000 -1.0000000  0.0000000 )


   Cartesian axes

     site n.     atom                  positions (alat units)
         1        Si     tau(   1) = (   0.0000000   0.0000000   0.0000000  )
         2        Si     tau(   2) = (   0.2500000  -0.2500000  -0.2500000  )

   Crystallographic axes

     site n.     atom                  positions (cryst. coord.)
         1        Si     tau(   1) = (  0.0000000  0.0000000  0.0000000  )
         2        Si     tau(   2) = ( -0.2500000 -0.2500000 -0.2500000  )

     number of k points=     8
                       cart. coord. in units 2pi/alat
        k(    1) = (   0.0000000   0.0000000   0.0000000), wk =   0.0312500
        k(    2) = (  -0.2500000   0.2500000  -0.2500000), wk =   0.2500000
        k(    3) = (   0.5000000  -0.5000000   0.5000000), wk =   0.1250000
        k(    4) = (   0.0000000   0.5000000   0.0000000), wk =   0.1875000
        k(    5) = (   0.7500000  -0.2500000   0.7500000), wk =   0.7500000
        k(    6) = (   0.5000000   0.0000000   0.5000000), wk =   0.3750000
        k(    7) = (   0.0000000  -1.0000000   0.0000000), wk =   0.0937500
        k(    8) = (  -0.5000000  -1.0000000   0.0000000), wk =   0.1875000

                       cryst. coord.
        k(    1) = (   0.0000000   0.0000000   0.0000000), wk =   0.0312500
        k(    2) = (   0.0000000   0.0000000   0.2500000), wk =   0.2500000
        k(    3) = (   0.0000000   0.0000000  -0.5000000), wk =   0.1250000
        k(    4) = (   0.0000000   0.2500000   0.2500000), wk =   0.1875000
        k(    5) = (   0.0000000   0.2500000  -0.5000000), wk =   0.7500000
        k(    6) = (   0.0000000   0.2500000  -0.2500000), wk =   0.3750000
        k(    7) = (   0.0000000  -0.5000000  -0.5000000), wk =   0.0937500
        k(    8) = (   0.2500000  -0.5000000  -0.2500000), wk =   0.1875000

     Dense  grid:     9409 G-vectors     FFT dimensions: (  30,  30,  30)

     Dynamical RAM for                 wfc:       0.04 MB

     Dynamical RAM for     wfc (w. buffer):       0.04 MB

     Dynamical RAM for           str. fact:       0.04 MB

     Dynamical RAM for           local pot:       0.00 MB

     Dynamical RAM for          nlocal pot:       0.16 MB

     Dynamical RAM for                qrad:       1.02 MB

     Dynamical RAM for          rho,v,vnew:       0.27 MB

     Dynamical RAM for           G-vectors:       0.15 MB

     Dynamical RAM for          h,s,v(r/c):       0.02 MB

     Dynamical RAM for          <psi|beta>:       0.01 MB

     Dynamical RAM for                 psi:       0.09 MB

     Dynamical RAM for                hpsi:       0.09 MB

     Dynamical RAM for      wfcinit/wfcrot:       0.09 MB

     Estimated static dynamical RAM per process >       2.03 MB

     Estimated max dynamical RAM per process >       2.23 MB

     Estimated total dynamical RAM >       8.93 MB

     The potential is recalculated from file :
     ./si.save/charge-density

     Starting wfcs are    8 randomized atomic wfcs +    2 random wfcs

     Band Structure Calculation
     Davidson diagonalization with overlap

     Computing kpt #:     1  of     8
